2025-11-11 10:15:00 - Improve battery storage calculation
2025-11-11 19:10:00 - Improve battery storage calculation
2025-11-11 19:10:00 - Minor fixes and updates
2025-11-13 09:00:00 - Improve solar efficiency model
2025-11-13 13:30:00 - Enhance Firebase Authentication
2025-11-13 10:15:00 - Improve battery storage calculation
2025-11-18 09:00:00 - Add sunlight prediction feature
2025-11-20 10:15:00 - Add sunlight prediction feature
2025-11-20 14:55:00 - Refactor optimization module
2025-11-25 14:55:00 - Fix Firebase integration
2025-11-25 19:10:00 - Refactor optimization module
2025-11-25 14:55:00 - Fix Firebase integration
2025-11-27 17:45:00 - Improve battery storage calculation
2025-11-27 17:45:00 - Enhance Firebase Authentication
2025-12-02 17:45:00 - Enhance Firebase Authentication
2025-12-02 10:15:00 - Minor fixes and updates
2025-12-04 14:55:00 - Minor fixes and updates
2025-12-04 09:00:00 - Improve solar efficiency model
2025-12-04 10:15:00 - Improve battery storage calculation
2025-11-11 13:30:00 - Minor fixes and updates
2025-11-11 19:10:00 - Enhance Firebase Authentication
2025-11-13 14:55:00 - Refactor optimization module
2025-11-13 17:45:00 - Minor fixes and updates
2025-11-13 14:55:00 - Add energy usage analytics
2025-11-18 19:10:00 - Update solar data
2025-11-18 19:10:00 - Improve battery storage calculation
2025-11-20 10:15:00 - Optimize photovoltaic simulation
2025-11-20 13:30:00 - Add sunlight prediction feature
2025-11-20 09:00:00 - Update solar data
2025-11-25 14:55:00 - Fix Firebase integration
2025-11-25 13:30:00 - Fix Firebase integration
2025-11-27 13:30:00 - Optimize photovoltaic simulation
2025-11-27 09:00:00 - Optimize photovoltaic simulation
2025-12-02 13:30:00 - Enhance Firebase Authentication
2025-12-04 13:30:00 - Update solar data
2025-12-04 10:15:00 - Enhance Firebase Authentication
2025-12-04 13:30:00 - Fix Firebase integration
2025-12-09 13:30:00 - Update solar data
2025-12-09 09:00:00 - Enhance Firebase Authentication
2025-12-11 13:30:00 - Fix Firebase integration
2025-12-11 13:30:00 - Fix Firebase integration
2025-12-11 17:45:00 - Optimize photovoltaic simulation
2025-11-15 10:15:00 - Improve battery storage calculation
2025-11-15 13:30:00 - Optimize photovoltaic simulation
2025-11-15 14:55:00 - Improve battery storage calculation
2025-11-17 09:00:00 - Update solar data
2025-11-17 10:15:00 - Fix Firebase integration
2025-11-22 10:15:00 - Refactor optimization module
2025-11-22 10:15:00 - Minor fixes and updates
2025-11-22 19:10:00 - Improve battery storage calculation
2025-11-25 09:00:00 - Update solar data
2025-11-25 09:00:00 - Optimize photovoltaic simulation
2025-11-27 17:45:00 - Refactor optimization module
2025-11-27 19:10:00 - Enhance Firebase Authentication
2025-11-27 09:00:00 - Improve battery storage calculation
2025-12-05 19:10:00 - Improve solar efficiency model
2025-12-05 19:10:00 - Refactor optimization module
2025-12-06 14:55:00 - Refactor optimization module
2025-12-06 09:00:00 - Enhance Firebase Authentication
2025-12-06 09:00:00 - Enhance Firebase Authentication
2025-12-17 09:00:00 - Enhance Firebase Authentication
2025-12-17 17:45:00 - Fix Firebase integration
2025-12-17 19:10:00 - Improve battery storage calculation
2025-12-11 13:30:00 - Improve battery storage calculation
2025-12-11 13:30:00 - Optimize photovoltaic simulation
2025-12-11 13:30:00 - Enhance Firebase Authentication
2026-03-01, 10:15:00 - Implement LSTM network
2026-03-01, 19:10:00 - Minor fix
2026-03-02, 10:15:00 - Enhance speech-to-text accuracy
2026-03-02, 17:45:00 - Refactor script
2026-03-02, 13:30:00 - Refactor script
2026-03-03, 14:55:00 - Add transformer-based summarization
2026-03-03, 13:30:00 - Improve language generation
2026-03-03, 13:30:00 - Update code
2026-03-04, 13:30:00 - Deploy machine learning model
2026-03-04, 17:45:00 - Run hyperparameter tuning
2026-03-04, 17:45:00 - Deploy machine learning model
2026-03-05, 17:45:00 - Add named entity recognition
2026-03-05, 09:00:00 - Minor fix
2026-03-06, 19:10:00 - Run hyperparameter tuning
2026-03-07, 19:10:00 - Add feature
2026-03-07, 13:30:00 - Evaluate model performance
2026-03-08, 19:10:00 - Add named entity recognition
2026-03-09, 17:45:00 - Improve language generation
2026-03-09, 09:00:00 - Add named entity recognition
2026-03-09, 17:45:00 - Add feature
2026-03-10, 17:45:00 - Enhance speech-to-text accuracy
2026-03-10, 14:55:00 - Add feature
2026-03-11, 14:55:00 - Update code
2026-03-11, 13:30:00 - Improve language generation
2026-03-11, 10:15:00 - Add named entity recognition
2026-03-15, 17:45:00 - Evaluate model performance
2026-03-15, 17:45:00 - Experiment with GPT-based model
2026-03-18, 10:15:00 - Integrate AI-powered recommendation system
2026-03-19, 13:30:00 - Run hyperparameter tuning
